C:/Users/LENOVO/Downloads/en.stm32cubewl-v1-3-0 (1)/STM32Cube_FW_WL_V1.3.0/Projects/NUCLEO-WL55JC/Applications/LoRaWAN/LoRaWAN_AT_Slave/Core/Src/main.c:162:6:Error_Handler	1
C:/Users/LENOVO/Downloads/en.stm32cubewl-v1-3-0 (1)/STM32Cube_FW_WL_V1.3.0/Projects/NUCLEO-WL55JC/Applications/LoRaWAN/LoRaWAN_AT_Slave/Core/Src/main.c:110:6:SystemClock_Config	1
C:/Users/LENOVO/Downloads/en.stm32cubewl-v1-3-0 (1)/STM32Cube_FW_WL_V1.3.0/Projects/NUCLEO-WL55JC/Applications/LoRaWAN/LoRaWAN_AT_Slave/Core/Src/main.c:64:5:main	1
