C:/Users/LENOVO/Downloads/en.stm32cubewl-v1-3-0 (1)/STM32Cube_FW_WL_V1.3.0/Projects/NUCLEO-WL55JC/Applications/LoRaWAN/LoRaWAN_AT_Slave/Core/Src/subghz.c:30:6:MX_SUBGHZ_Init	8	static
C:/Users/LENOVO/Downloads/en.stm32cubewl-v1-3-0 (1)/STM32Cube_FW_WL_V1.3.0/Projects/NUCLEO-WL55JC/Applications/LoRaWAN/LoRaWAN_AT_Slave/Core/Src/subghz.c:51:6:HAL_SUBGHZ_MspInit	16	static
C:/Users/LENOVO/Downloads/en.stm32cubewl-v1-3-0 (1)/STM32Cube_FW_WL_V1.3.0/Projects/NUCLEO-WL55JC/Applications/LoRaWAN/LoRaWAN_AT_Slave/Core/Src/subghz.c:68:6:HAL_SUBGHZ_MspDeInit	8	static
