C:/Users/LENOVO/Downloads/en.stm32cubewl-v1-3-0 (1)/STM32Cube_FW_WL_V1.3.0/Projects/NUCLEO-WL55JC/Applications/LoRaWAN/LoRaWAN_AT_Slave/LoRaWAN/App/lora_app.c:404:13:OnSysTimeUpdate	0	static
C:/Users/LENOVO/Downloads/en.stm32cubewl-v1-3-0 (1)/STM32Cube_FW_WL_V1.3.0/Projects/NUCLEO-WL55JC/Applications/LoRaWAN/LoRaWAN_AT_Slave/LoRaWAN/App/lora_app.c:441:13:OnTxPeriodicityChanged	0	static
C:/Users/LENOVO/Downloads/en.stm32cubewl-v1-3-0 (1)/STM32Cube_FW_WL_V1.3.0/Projects/NUCLEO-WL55JC/Applications/LoRaWAN/LoRaWAN_AT_Slave/LoRaWAN/App/lora_app.c:448:13:OnTxFrameCtrlChanged	0	static
C:/Users/LENOVO/Downloads/en.stm32cubewl-v1-3-0 (1)/STM32Cube_FW_WL_V1.3.0/Projects/NUCLEO-WL55JC/Applications/LoRaWAN/LoRaWAN_AT_Slave/LoRaWAN/App/lora_app.c:455:13:OnPingSlotPeriodicityChanged	0	static
C:/Users/LENOVO/Downloads/en.stm32cubewl-v1-3-0 (1)/STM32Cube_FW_WL_V1.3.0/Projects/NUCLEO-WL55JC/Applications/LoRaWAN/LoRaWAN_AT_Slave/LoRaWAN/App/lora_app.c:466:13:OnSystemReset	0	static
C:/Users/LENOVO/Downloads/en.stm32cubewl-v1-3-0 (1)/STM32Cube_FW_WL_V1.3.0/Projects/NUCLEO-WL55JC/Applications/LoRaWAN/LoRaWAN_AT_Slave/LoRaWAN/App/lora_app.c:394:13:OnBeaconStatusChange	8	static
C:/Users/LENOVO/Downloads/en.stm32cubewl-v1-3-0 (1)/STM32Cube_FW_WL_V1.3.0/Projects/NUCLEO-WL55JC/Applications/LoRaWAN/LoRaWAN_AT_Slave/LoRaWAN/App/lora_app.c:411:13:OnClassChange	8	static
C:/Users/LENOVO/Downloads/en.stm32cubewl-v1-3-0 (1)/STM32Cube_FW_WL_V1.3.0/Projects/NUCLEO-WL55JC/Applications/LoRaWAN/LoRaWAN_AT_Slave/LoRaWAN/App/lora_app.c:351:13:OnRxTimerLedEvent	8	static
C:/Users/LENOVO/Downloads/en.stm32cubewl-v1-3-0 (1)/STM32Cube_FW_WL_V1.3.0/Projects/NUCLEO-WL55JC/Applications/LoRaWAN/LoRaWAN_AT_Slave/LoRaWAN/App/lora_app.c:346:13:OnTxTimerLedEvent	8	static
C:/Users/LENOVO/Downloads/en.stm32cubewl-v1-3-0 (1)/STM32Cube_FW_WL_V1.3.0/Projects/NUCLEO-WL55JC/Applications/LoRaWAN/LoRaWAN_AT_Slave/LoRaWAN/App/lora_app.c:331:13:OnRxData	16	static
C:/Users/LENOVO/Downloads/en.stm32cubewl-v1-3-0 (1)/STM32Cube_FW_WL_V1.3.0/Projects/NUCLEO-WL55JC/Applications/LoRaWAN/LoRaWAN_AT_Slave/LoRaWAN/App/lora_app.c:362:13:OnTxData	8	static
C:/Users/LENOVO/Downloads/en.stm32cubewl-v1-3-0 (1)/STM32Cube_FW_WL_V1.3.0/Projects/NUCLEO-WL55JC/Applications/LoRaWAN/LoRaWAN_AT_Slave/LoRaWAN/App/lora_app.c:378:13:OnJoinRequest	8	static
C:/Users/LENOVO/Downloads/en.stm32cubewl-v1-3-0 (1)/STM32Cube_FW_WL_V1.3.0/Projects/NUCLEO-WL55JC/Applications/LoRaWAN/LoRaWAN_AT_Slave/LoRaWAN/App/lora_app.c:473:13:OnNvmDataChange	8	static
C:/Users/LENOVO/Downloads/en.stm32cubewl-v1-3-0 (1)/STM32Cube_FW_WL_V1.3.0/Projects/NUCLEO-WL55JC/Applications/LoRaWAN/LoRaWAN_AT_Slave/LoRaWAN/App/lora_app.c:429:13:OnMacProcessNotify	8	static
C:/Users/LENOVO/Downloads/en.stm32cubewl-v1-3-0 (1)/STM32Cube_FW_WL_V1.3.0/Projects/NUCLEO-WL55JC/Applications/LoRaWAN/LoRaWAN_AT_Slave/LoRaWAN/App/lora_app.c:418:13:CmdProcessNotify	8	static
C:/Users/LENOVO/Downloads/en.stm32cubewl-v1-3-0 (1)/STM32Cube_FW_WL_V1.3.0/Projects/NUCLEO-WL55JC/Applications/LoRaWAN/LoRaWAN_AT_Slave/LoRaWAN/App/lora_app.c:484:13:OnStoreContextRequest	8	static
C:/Users/LENOVO/Downloads/en.stm32cubewl-v1-3-0 (1)/STM32Cube_FW_WL_V1.3.0/Projects/NUCLEO-WL55JC/Applications/LoRaWAN/LoRaWAN_AT_Slave/LoRaWAN/App/lora_app.c:495:13:OnRestoreContextRequest	8	static
C:/Users/LENOVO/Downloads/en.stm32cubewl-v1-3-0 (1)/STM32Cube_FW_WL_V1.3.0/Projects/NUCLEO-WL55JC/Applications/LoRaWAN/LoRaWAN_AT_Slave/LoRaWAN/App/lora_app.c:356:13:OnJoinTimerLedEvent	8	static
C:/Users/LENOVO/Downloads/en.stm32cubewl-v1-3-0 (1)/STM32Cube_FW_WL_V1.3.0/Projects/NUCLEO-WL55JC/Applications/LoRaWAN/LoRaWAN_AT_Slave/LoRaWAN/App/lora_app.c:247:6:LoRaWAN_Init	48	static
